---
source: crates/parser/tests/highlight.rs
expression: spans_as_text(&dark())
---
#6a9955 "// a comment\n"
#4ec9b0 "fn"
#dcdcaa "main"
#4ec9b0 "let"
#ce9178 "\"hello\""
#ce9178 "\"{greeting}"
#ce9178 "{}\""
#b5cea8 "42"
#6a9955 "# a comment\n"
#4ec9b0 "def"
#dcdcaa "greet"
#9cdcfe "name"
#c586c0 "return"
#4ec9b0 "f"
#ce9178 "\"hi "
#ce9178 "\""
#c586c0 "public"
#c586c0 "async"
#4ec9b0 "Task"
#4ec9b0 "int"
#dcdcaa "GoAsync"
#4ec9b0 "var"
#9cdcfe "x"
#b5cea8 "1"
#b5cea8 "2"
#c586c0 "return"
#c586c0 "await"
#9cdcfe "Task"
#dcdcaa "FromResult"
#9cdcfe "x"
#6a9955 "// a comment"
#c586c0 "fun"
#dcdcaa "greet"
#9cdcfe "name"
#4ec9b0 "String"
#ce9178 "\"hi "
#9cdcfe "$name"
#ce9178 "\""
